undefined (4/12/2019, 1:17:19 PM): {
 "message": "No such user",
 "graphQLPath": [
  "addRole"
 ]
}
undefined (4/12/2019, 1:17:30 PM): {
 "message": "No such user",
 "graphQLPath": [
  "addRole"
 ]
}
undefined (4/12/2019, 1:21:47 PM): {
 "message": "No such user",
 "graphQLPath": [
  "addRole"
 ]
}
TypeError (4/12/2019, 1:24:33 PM): {
 "name": "TypeError",
 "message": "Assignment to constant variable."
}
TypeError (4/12/2019, 1:24:37 PM): {
 "name": "TypeError",
 "message": "Assignment to constant variable."
}
TypeError (4/12/2019, 1:27:28 PM): {
 "name": "TypeError",
 "message": "Assignment to constant variable."
}
TypeError (4/12/2019, 2:10:42 PM): {
 "name": "TypeError",
 "message": "Assignment to constant variable."
}
TypeError (4/12/2019, 2:10:44 PM): {
 "name": "TypeError",
 "message": "Assignment to constant variable."
}
TypeError (4/12/2019, 2:11:10 PM): {
 "name": "TypeError",
 "message": "Assignment to constant variable."
}
TypeError (4/12/2019, 2:12:24 PM): {
 "name": "TypeError",
 "message": "Assignment to constant variable."
}
TypeError (4/12/2019, 2:13:20 PM): {
 "name": "TypeError",
 "message": "Assignment to constant variable."
}
TypeError (4/12/2019, 2:13:28 PM): {
 "name": "TypeError",
 "message": "Assignment to constant variable."
}
TypeError (4/12/2019, 2:13:30 PM): {
 "name": "TypeError",
 "message": "Assignment to constant variable."
}
TypeError (4/12/2019, 2:14:19 PM): {
 "name": "TypeError",
 "message": "Assignment to constant variable."
}
TypeError (4/12/2019, 2:14:26 PM): {
 "name": "TypeError",
 "message": "Assignment to constant variable."
}
TypeError (4/12/2019, 2:16:01 PM): {
 "name": "TypeError",
 "message": "Assignment to constant variable."
}
TypeError (4/12/2019, 2:16:05 PM): {
 "name": "TypeError",
 "message": "Assignment to constant variable."
}
TypeError (4/12/2019, 2:17:53 PM): {
 "name": "TypeError",
 "message": "Assignment to constant variable."
}
TypeError (4/12/2019, 3:08:51 PM): {
 "name": "TypeError",
 "message": "Assignment to constant variable."
}
TypeError (4/12/2019, 3:14:41 PM): {
 "name": "TypeError",
 "message": "Assignment to constant variable."
}
4/12/2019, 4:24:06 PM Error: Expected error
4/12/2019, 4:40:03 PM Error: Expected error
